[2025-02-20T21:29:14.236+0000] {local_task_job_runner.py:120} INFO - ::group::Pre task execution logs
[2025-02-20T21:29:14.845+0000] {taskinstance.py:2076} INFO - Dependencies all met for dep_context=non-requeueable deps ti=<TaskInstance: kafka_spark_postgres_pipeline.create_kafka_topic scheduled__2025-02-19T00:00:00+00:00 [queued]>
[2025-02-20T21:29:14.872+0000] {taskinstance.py:2076} INFO - Dependencies all met for dep_context=requeueable deps ti=<TaskInstance: kafka_spark_postgres_pipeline.create_kafka_topic scheduled__2025-02-19T00:00:00+00:00 [queued]>
[2025-02-20T21:29:14.872+0000] {taskinstance.py:2306} INFO - Starting attempt 1 of 2
[2025-02-20T21:29:14.906+0000] {taskinstance.py:2330} INFO - Executing <Task(BashOperator): create_kafka_topic> on 2025-02-19 00:00:00+00:00
[2025-02-20T21:29:14.947+0000] {logging_mixin.py:188} WARNING - /home/airflow/.local/lib/python3.12/site-packages/airflow/task/task_runner/standard_task_runner.py:61 DeprecationWarning: This process (pid=1437) is multi-threaded, use of fork() may lead to deadlocks in the child.
[2025-02-20T21:29:14.953+0000] {standard_task_runner.py:63} INFO - Started process 1442 to run task
[2025-02-20T21:29:14.953+0000] {standard_task_runner.py:90} INFO - Running: ['airflow', 'tasks', 'run', 'kafka_spark_postgres_pipeline', 'create_kafka_topic', 'scheduled__2025-02-19T00:00:00+00:00', '--job-id', '3', '--raw', '--subdir', 'DAGS_FOLDER/dag_airflow.py', '--cfg-path', '/tmp/tmp8k1bwlwd']
[2025-02-20T21:29:14.960+0000] {standard_task_runner.py:91} INFO - Job 3: Subtask create_kafka_topic
[2025-02-20T21:29:15.462+0000] {task_command.py:426} INFO - Running <TaskInstance: kafka_spark_postgres_pipeline.create_kafka_topic scheduled__2025-02-19T00:00:00+00:00 [running]> on host 4d0bd30e3a35
[2025-02-20T21:29:15.891+0000] {taskinstance.py:2648} INFO - Exporting env vars: AIRFLOW_CTX_DAG_OWNER='airflow' AIRFLOW_CTX_DAG_ID='kafka_spark_postgres_pipeline' AIRFLOW_CTX_TASK_ID='create_kafka_topic' AIRFLOW_CTX_EXECUTION_DATE='2025-02-19T00:00:00+00:00' AIRFLOW_CTX_TRY_NUMBER='1' AIRFLOW_CTX_DAG_RUN_ID='scheduled__2025-02-19T00:00:00+00:00'
[2025-02-20T21:29:15.892+0000] {taskinstance.py:430} INFO - ::endgroup::
[2025-02-20T21:29:16.300+0000] {subprocess.py:63} INFO - Tmp dir root location: /tmp
[2025-02-20T21:29:16.306+0000] {subprocess.py:75} INFO - Running command: ['/usr/bin/bash', '-c', 'docker exec -it kafka kafka-topics --create --topic apiRealTimeAndFileData --bootstrap-server localhost:29092 --partitions 3 --replication-factor 1 || true']
[2025-02-20T21:29:16.355+0000] {subprocess.py:86} INFO - Output:
[2025-02-20T21:29:17.747+0000] {subprocess.py:93} INFO - Cannot connect to the Docker daemon at unix:///var/run/docker.sock. Is the docker daemon running?
[2025-02-20T21:29:17.762+0000] {subprocess.py:97} INFO - Command exited with return code 0
[2025-02-20T21:29:17.770+0000] {taskinstance.py:441} INFO - ::group::Post task execution logs
[2025-02-20T21:29:17.848+0000] {taskinstance.py:1206} INFO - Marking task as SUCCESS. dag_id=kafka_spark_postgres_pipeline, task_id=create_kafka_topic, run_id=scheduled__2025-02-19T00:00:00+00:00, execution_date=20250219T000000, start_date=20250220T212914, end_date=20250220T212917
[2025-02-20T21:29:17.907+0000] {local_task_job_runner.py:240} INFO - Task exited with return code 0
[2025-02-20T21:29:17.937+0000] {logging_mixin.py:188} WARNING - /home/airflow/.local/lib/python3.12/site-packages/airflow/models/baseoperator.py:1296 AirflowProviderDeprecationWarning: Call to deprecated class PostgresOperator. (Please use `airflow.providers.common.sql.operators.sql.SQLExecuteQueryOperator`.Also, you can provide `hook_params={'schema': <database>}`.)
[2025-02-20T21:29:17.978+0000] {taskinstance.py:3498} INFO - 1 downstream tasks scheduled from follow-on schedule check
[2025-02-20T21:29:17.981+0000] {local_task_job_runner.py:222} INFO - ::endgroup::
