[2025-02-20T21:29:18.767+0000] {local_task_job_runner.py:120} INFO - ::group::Pre task execution logs
[2025-02-20T21:29:18.841+0000] {taskinstance.py:2076} INFO - Dependencies all met for dep_context=non-requeueable deps ti=<TaskInstance: kafka_spark_postgres_pipeline.check_kafka scheduled__2025-02-19T00:00:00+00:00 [queued]>
[2025-02-20T21:29:18.855+0000] {taskinstance.py:2076} INFO - Dependencies all met for dep_context=requeueable deps ti=<TaskInstance: kafka_spark_postgres_pipeline.check_kafka scheduled__2025-02-19T00:00:00+00:00 [queued]>
[2025-02-20T21:29:18.856+0000] {taskinstance.py:2306} INFO - Starting attempt 1 of 2
[2025-02-20T21:29:18.878+0000] {taskinstance.py:2330} INFO - Executing <Task(BashSensor): check_kafka> on 2025-02-19 00:00:00+00:00
[2025-02-20T21:29:18.890+0000] {standard_task_runner.py:90} INFO - Running: ['airflow', 'tasks', 'run', 'kafka_spark_postgres_pipeline', 'check_kafka', 'scheduled__2025-02-19T00:00:00+00:00', '--job-id', '5', '--raw', '--subdir', 'DAGS_FOLDER/dag_airflow.py', '--cfg-path', '/tmp/tmpp7akmacf']
[2025-02-20T21:29:18.894+0000] {standard_task_runner.py:91} INFO - Job 5: Subtask check_kafka
[2025-02-20T21:29:18.896+0000] {logging_mixin.py:188} WARNING - /home/airflow/.local/lib/python3.12/site-packages/airflow/task/task_runner/standard_task_runner.py:61 DeprecationWarning: This process (pid=1462) is multi-threaded, use of fork() may lead to deadlocks in the child.
[2025-02-20T21:29:18.897+0000] {standard_task_runner.py:63} INFO - Started process 1465 to run task
[2025-02-20T21:29:18.979+0000] {task_command.py:426} INFO - Running <TaskInstance: kafka_spark_postgres_pipeline.check_kafka scheduled__2025-02-19T00:00:00+00:00 [running]> on host 4d0bd30e3a35
[2025-02-20T21:29:19.175+0000] {taskinstance.py:2648} INFO - Exporting env vars: AIRFLOW_CTX_DAG_OWNER='airflow' AIRFLOW_CTX_DAG_ID='kafka_spark_postgres_pipeline' AIRFLOW_CTX_TASK_ID='check_kafka' AIRFLOW_CTX_EXECUTION_DATE='2025-02-19T00:00:00+00:00' AIRFLOW_CTX_TRY_NUMBER='1' AIRFLOW_CTX_DAG_RUN_ID='scheduled__2025-02-19T00:00:00+00:00'
[2025-02-20T21:29:19.176+0000] {taskinstance.py:430} INFO - ::endgroup::
[2025-02-20T21:29:19.204+0000] {bash.py:72} INFO - Tmp dir root location: /tmp
[2025-02-20T21:29:19.208+0000] {bash.py:80} INFO - Temporary script location: /tmp/airflowtmplulub_s0//tmp/airflowtmplulub_s0/check_kafka2mwgio6l
[2025-02-20T21:29:19.208+0000] {bash.py:81} INFO - Running command: nc -z -v -w5 localhost 29092
[2025-02-20T21:29:19.221+0000] {bash.py:93} INFO - Output:
[2025-02-20T21:29:19.235+0000] {bash.py:95} INFO - nc: connect to localhost (::1) port 29092 (tcp) failed: Connection refused
[2025-02-20T21:29:19.235+0000] {bash.py:95} INFO - nc: connect to localhost (127.0.0.1) port 29092 (tcp) failed: Connection refused
[2025-02-20T21:29:19.236+0000] {bash.py:97} INFO - Command exited with return code 1
[2025-02-20T21:29:19.236+0000] {bash.py:113} INFO - Non-zero return code and no retry code set, will retry later
[2025-02-20T21:30:18.789+0000] {bash.py:72} INFO - Tmp dir root location: /tmp
[2025-02-20T21:30:18.805+0000] {bash.py:80} INFO - Temporary script location: /tmp/airflowtmpqm7oh4d8//tmp/airflowtmpqm7oh4d8/check_kafka94b6y0r4
[2025-02-20T21:30:18.806+0000] {bash.py:81} INFO - Running command: nc -z -v -w5 localhost 29092
[2025-02-20T21:30:18.822+0000] {bash.py:93} INFO - Output:
[2025-02-20T21:30:18.829+0000] {bash.py:95} INFO - nc: connect to localhost (::1) port 29092 (tcp) failed: Connection refused
[2025-02-20T21:30:18.830+0000] {bash.py:95} INFO - nc: connect to localhost (127.0.0.1) port 29092 (tcp) failed: Connection refused
[2025-02-20T21:30:18.831+0000] {bash.py:97} INFO - Command exited with return code 1
[2025-02-20T21:30:18.832+0000] {bash.py:113} INFO - Non-zero return code and no retry code set, will retry later
[2025-02-20T21:30:18.833+0000] {taskinstance.py:441} INFO - ::group::Post task execution logs
[2025-02-20T21:30:18.837+0000] {taskinstance.py:2905} ERROR - Task failed with exception
Traceback (most recent call last):
  File "/home/airflow/.local/lib/python3.12/site-packages/airflow/models/taskinstance.py", line 465, in _execute_task
    result = _execute_callable(context=context, **execute_callable_kwargs)
             ^^^^^^^^^^^^^^^^^^^^^^^^^^^^^^^^^^^^^^^^^^^^^^^^^^^^^^^^^^^^^
  File "/home/airflow/.local/lib/python3.12/site-packages/airflow/models/taskinstance.py", line 432, in _execute_callable
    return execute_callable(context=context, **execute_callable_kwargs)
           ^^^^^^^^^^^^^^^^^^^^^^^^^^^^^^^^^^^^^^^^^^^^^^^^^^^^^^^^^^^^
  File "/home/airflow/.local/lib/python3.12/site-packages/airflow/models/baseoperator.py", line 400, in wrapper
    return func(self, *args, **kwargs)
           ^^^^^^^^^^^^^^^^^^^^^^^^^^^
  File "/home/airflow/.local/lib/python3.12/site-packages/airflow/sensors/base.py", line 281, in execute
    raise AirflowSensorTimeout(message)
airflow.exceptions.AirflowSensorTimeout: Sensor has timed out; run duration of 60.07927939199726 seconds exceeds the specified timeout of 60.0.
[2025-02-20T21:30:18.872+0000] {taskinstance.py:1206} INFO - Immediate failure requested. Marking task as FAILED. dag_id=kafka_spark_postgres_pipeline, task_id=check_kafka, run_id=scheduled__2025-02-19T00:00:00+00:00, execution_date=20250219T000000, start_date=20250220T212918, end_date=20250220T213018
[2025-02-20T21:30:18.898+0000] {standard_task_runner.py:110} ERROR - Failed to execute job 5 for task check_kafka (Sensor has timed out; run duration of 60.07927939199726 seconds exceeds the specified timeout of 60.0.; 1465)
[2025-02-20T21:30:18.917+0000] {local_task_job_runner.py:240} INFO - Task exited with return code 1
[2025-02-20T21:30:18.934+0000] {logging_mixin.py:188} WARNING - /home/airflow/.local/lib/python3.12/site-packages/airflow/models/baseoperator.py:1296 AirflowProviderDeprecationWarning: Call to deprecated class PostgresOperator. (Please use `airflow.providers.common.sql.operators.sql.SQLExecuteQueryOperator`.Also, you can provide `hook_params={'schema': <database>}`.)
[2025-02-20T21:30:18.985+0000] {taskinstance.py:3498} INFO - 0 downstream tasks scheduled from follow-on schedule check
[2025-02-20T21:30:18.990+0000] {local_task_job_runner.py:222} INFO - ::endgroup::
